Archive member included to satisfy reference by file (symbol)

/opt/riscv32i/lib/gcc/riscv32-unknown-elf/12.2.0/libgcc.a(div.o)
                              print.o (__udivsi3)

Discarded input sections

 .debug_line    0x0000000000000000      0x153 /opt/riscv32i/lib/gcc/riscv32-unknown-elf/12.2.0/libgcc.a(div.o)
 .debug_line_str
                0x0000000000000000       0x8d /opt/riscv32i/lib/gcc/riscv32-unknown-elf/12.2.0/libgcc.a(div.o)
 .debug_info    0x0000000000000000       0x59 /opt/riscv32i/lib/gcc/riscv32-unknown-elf/12.2.0/libgcc.a(div.o)
 .debug_abbrev  0x0000000000000000       0x21 /opt/riscv32i/lib/gcc/riscv32-unknown-elf/12.2.0/libgcc.a(div.o)
 .debug_aranges
                0x0000000000000000       0x20 /opt/riscv32i/lib/gcc/riscv32-unknown-elf/12.2.0/libgcc.a(div.o)
 .debug_str     0x0000000000000000       0xd2 /opt/riscv32i/lib/gcc/riscv32-unknown-elf/12.2.0/libgcc.a(div.o)

Memory Configuration

Name             Origin             Length             Attributes
mem              0x0000000000000000 0x0000000000018000
*default*        0x0000000000000000 0xffffffffffffffff

Linker script and memory map


.memory         0x0000000000000000      0xe54
                0x0000000000000000                . = 0x0
 start*(.text)
 .text          0x0000000000000000      0x46c start.o
 *(.text)
 .text          0x000000000000046c      0x2f8 irq.o
                0x000000000000046c                irq
 .text          0x0000000000000764       0x8c print.o
                0x0000000000000764                print_chr
                0x000000000000076c                print_str
                0x000000000000077e                print_dec
                0x00000000000007ca                print_hex
 .text          0x00000000000007f0        0x8 hello.o
                0x00000000000007f0                hello
 .text          0x00000000000007f8      0x184 sieve.o
                0x0000000000000896                sieve
 .text          0x000000000000097c      0x106 stats.o
                0x0000000000000a0a                stats
 *fill*         0x0000000000000a82        0x2 
 .text          0x0000000000000a84       0xb4 /opt/riscv32i/lib/gcc/riscv32-unknown-elf/12.2.0/libgcc.a(div.o)
                0x0000000000000a84                __divsi3
                0x0000000000000a8c                __hidden___udivsi3
                0x0000000000000a8c                __udivsi3
                0x0000000000000ad4                __umodsi3
                0x0000000000000b08                __modsi3
 *(*)
 .data          0x0000000000000b38        0x0 start.o
 .bss           0x0000000000000b38        0x0 start.o
 .riscv.attributes
                0x0000000000000b38       0x1f start.o
 .data          0x0000000000000b57        0x0 irq.o
 .bss           0x0000000000000b57        0x0 irq.o
 *fill*         0x0000000000000b57        0x1 
 .rodata.str1.4
                0x0000000000000b58      0x167 irq.o
                                        0x16b (size before relaxing)
 *fill*         0x0000000000000cbf        0x1 
 .sbss          0x0000000000000cc0        0xc irq.o
 .comment       0x0000000000000ccc       0x1b irq.o
                                         0x1c (size before relaxing)
 .riscv.attributes
                0x0000000000000ce7       0x21 irq.o
 .data          0x0000000000000d08        0x0 print.o
 .bss           0x0000000000000d08        0x0 print.o
 .rodata.str1.4
                0x0000000000000d08       0x11 print.o
 .comment       0x0000000000000d19       0x1c print.o
 .riscv.attributes
                0x0000000000000d19       0x21 print.o
 .data          0x0000000000000d3a        0x0 hello.o
 .bss           0x0000000000000d3a        0x0 hello.o
 *fill*         0x0000000000000d3a        0x2 
 .rodata.str1.4
                0x0000000000000d3c        0xd hello.o
 .comment       0x0000000000000d49       0x1c hello.o
 .riscv.attributes
                0x0000000000000d49       0x21 hello.o
 .data          0x0000000000000d6a        0x0 sieve.o
 .bss           0x0000000000000d6a        0x0 sieve.o
 *fill*         0x0000000000000d6a        0x2 
 .rodata.str1.4
                0x0000000000000d6c       0x40 sieve.o
 .sbss          0x0000000000000dac        0xc sieve.o
 .comment       0x0000000000000db8       0x1c sieve.o
 .riscv.attributes
                0x0000000000000db8       0x21 sieve.o
 .data          0x0000000000000dd9        0x0 stats.o
 .bss           0x0000000000000dd9        0x0 stats.o
 *fill*         0x0000000000000dd9        0x3 
 .rodata.str1.4
                0x0000000000000ddc       0x3a stats.o
                                         0x3e (size before relaxing)
 .comment       0x0000000000000e16       0x1c stats.o
 .riscv.attributes
                0x0000000000000e16       0x21 stats.o
 .data          0x0000000000000e37        0x0 /opt/riscv32i/lib/gcc/riscv32-unknown-elf/12.2.0/libgcc.a(div.o)
 .bss           0x0000000000000e37        0x0 /opt/riscv32i/lib/gcc/riscv32-unknown-elf/12.2.0/libgcc.a(div.o)
 .riscv.attributes
                0x0000000000000e37       0x1a /opt/riscv32i/lib/gcc/riscv32-unknown-elf/12.2.0/libgcc.a(div.o)
                0x0000000000000e51                end = .
                0x0000000000000e54                . = ALIGN (0x4)
 *fill*         0x0000000000000e51        0x3 
LOAD start.o
LOAD irq.o
LOAD print.o
LOAD hello.o
LOAD sieve.o
LOAD stats.o
LOAD /opt/riscv32i/lib/gcc/riscv32-unknown-elf/12.2.0/libgcc.a
OUTPUT(firmware.elf elf32-littleriscv)
