
Memory Configuration

Name             Origin             Length             Attributes
FLASH            0x0000000000100000 0x0000000000400000 xr
RAM              0x0000000000000000 0x0000000000020000 xrw
*default*        0x0000000000000000 0xffffffffffffffff

Linker script and memory map


.text           0x0000000000100000      0x164
                0x0000000000100000                . = ALIGN (0x4)
 *(.text)
 .text          0x0000000000100000      0x102 start.o
                0x0000000000100080                flashio_worker_begin
                0x0000000000100100                flashio_worker_end
 .text          0x0000000000100102       0x3c firmware.o
                0x0000000000100102                putchar
                0x0000000000100122                print_str
 *(.text*)
 .text.startup  0x000000000010013e       0x14 firmware.o
                0x000000000010013e                main
 *(.rodata)
 *(.rodata*)
 *fill*         0x0000000000100152        0x2 
 .rodata.str1.4
                0x0000000000100154        0xd firmware.o
 *(.srodata)
 *(.srodata*)
                0x0000000000100164                . = ALIGN (0x4)
 *fill*         0x0000000000100161        0x3 
                0x0000000000100164                _etext = .
                0x0000000000100164                _sidata = _etext

.rela.dyn       0x0000000000100164        0x0
 .rela.text     0x0000000000100164        0x0 start.o

.data           0x0000000000000000        0x0 load address 0x0000000000100164
                0x0000000000000000                . = ALIGN (0x4)
                0x0000000000000000                _sdata = .
                0x0000000000000000                _ram_start = .
                0x0000000000000000                . = ALIGN (0x4)
 *(.data)
 .data          0x0000000000000000        0x0 start.o
 .data          0x0000000000000000        0x0 firmware.o
 *(.data*)
 *(.sdata)
 *(.sdata*)
                0x0000000000000000                . = ALIGN (0x4)
                0x0000000000000000                _edata = .

.bss            0x0000000000000000        0x0 load address 0x0000000000100164
                0x0000000000000000                . = ALIGN (0x4)
                0x0000000000000000                _sbss = .
 *(.bss)
 .bss           0x0000000000000000        0x0 start.o
 .bss           0x0000000000000000        0x0 firmware.o
 *(.bss*)
 *(.sbss)
 *(.sbss*)
 *(COMMON)
                0x0000000000000000                . = ALIGN (0x4)
                0x0000000000000000                _ebss = .

.heap           0x0000000000000000        0x0
                0x0000000000000000                . = ALIGN (0x4)
                0x0000000000000000                _heap_start = .
LOAD start.o
LOAD firmware.o
LOAD /opt/riscv/lib/gcc/riscv32-unknown-elf/12.1.0/libgcc.a
OUTPUT(firmware.elf elf32-littleriscv)

.riscv.attributes
                0x0000000000000000       0x21
 .riscv.attributes
                0x0000000000000000       0x1f start.o
 .riscv.attributes
                0x000000000000001f       0x21 firmware.o

.comment        0x0000000000000000       0x1b
 .comment       0x0000000000000000       0x1b firmware.o
                                         0x1c (size before relaxing)
