
Memory Configuration

Name             Origin             Length             Attributes
BOOTROM          0x0000000000100000 0x0000000000004000 xr
APPROM           0x0000000000104000 0x00000000003fc000 xr
RAM              0x0000000000000000 0x0000000000020000 xrw
*default*        0x0000000000000000 0xffffffffffffffff

Linker script and memory map

                0x0000000000100000                __bootrom_start__ = ORIGIN (BOOTROM)
                0x0000000000004000                __bootrom_size__ = LENGTH (BOOTROM)
                0x0000000000104000                __approm_start__ = ORIGIN (APPROM)
                0x00000000003fc000                __approm_size__ = LENGTH (APPROM)

.text           0x0000000000100000       0x3c
                0x0000000000100000                . = ALIGN (0x4)
 *(.text)
 .text          0x0000000000100000        0x0 boot.o
 *(.text*)
 .text.startup  0x0000000000100000       0x3c boot.o
                0x0000000000100000                main
 *(.rodata)
 *(.rodata*)
 *(.srodata)
 *(.srodata*)
                0x000000000010003c                . = ALIGN (0x4)
 *fill*         0x000000000010003c        0x0 
                0x000000000010003c                _etext = .
                0x000000000010003c                _sidata = _etext

.rela.dyn       0x000000000010003c        0x0
 .rela.text.startup
                0x000000000010003c        0x0 boot.o

.data           0x0000000000000000        0x0 load address 0x000000000010003c
                0x0000000000000000                . = ALIGN (0x4)
                0x0000000000000000                _sdata = .
                0x0000000000000000                _ram_start = .
                0x0000000000000000                . = ALIGN (0x4)
 *(.data)
 .data          0x0000000000000000        0x0 boot.o
 *(.data*)
 *(.sdata)
 *(.sdata*)
                0x0000000000000000                . = ALIGN (0x4)
                0x0000000000000000                _edata = .

.bss            0x0000000000000000        0x0 load address 0x000000000010003c
                0x0000000000000000                . = ALIGN (0x4)
                0x0000000000000000                _sbss = .
 *(.bss)
 .bss           0x0000000000000000        0x0 boot.o
 *(.bss*)
 *(.sbss)
 *(.sbss*)
 *(COMMON)
                0x0000000000000000                . = ALIGN (0x4)
                0x0000000000000000                _ebss = .

.heap           0x0000000000000000        0x0
                0x0000000000000000                . = ALIGN (0x4)
                0x0000000000000000                _heap_start = .
LOAD boot.o
LOAD /opt/riscv32i/lib/gcc/riscv32-unknown-elf/12.2.0/libgcc.a
OUTPUT(boot.elf elf32-littleriscv)

.comment        0x0000000000000000       0x1b
 .comment       0x0000000000000000       0x1b boot.o
                                         0x1c (size before relaxing)

.riscv.attributes
                0x0000000000000000       0x21
 .riscv.attributes
                0x0000000000000000       0x21 boot.o
