
Memory Configuration

Name             Origin             Length             Attributes
FLASH            0x0000000000100000 0x0000000000400000 xr
RAM              0x0000000000000000 0x0000000000020000 xrw
*default*        0x0000000000000000 0xffffffffffffffff

Linker script and memory map


.text           0x0000000000100000      0xdd0
                0x0000000000100000                . = ALIGN (0x4)
 *(.text)
 .text          0x0000000000100000      0x126 start.o
                0x00000000001000a4                flashio_worker_begin
                0x0000000000100124                flashio_worker_end
 .text          0x0000000000100126      0x89e firmware.o
                0x0000000000100126                flashio
                0x000000000010017a                putchar
                0x000000000010019a                print
                0x00000000001001b6                print_hex
                0x0000000000100208                print_dec
                0x0000000000100438                getchar_prompt
                0x00000000001004b6                getchar
                0x00000000001004ba                cmd_print_spi_state
                0x0000000000100570                xorshift32
                0x000000000010058c                cmd_memtest
                0x0000000000100650                cmd_read_flash_id
                0x00000000001006aa                cmd_read_flash_reg
                0x00000000001006c8                print_reg_bit
                0x0000000000100716                cmd_read_flash_regs
                0x000000000010089e                cmd_benchmark
                0x000000000010099a                cmd_echo
 *(.text*)
 .text.startup  0x00000000001009c4       0xd4 firmware.o
                0x00000000001009c4                main
 *(.rodata)
 *fill*         0x0000000000100a98        0x0 
 .rodata        0x0000000000100a98       0x24 firmware.o
 *(.rodata*)
 .rodata.str1.4
                0x0000000000100abc      0x312 firmware.o
                                        0x316 (size before relaxing)
 *(.srodata)
 *(.srodata*)
                0x0000000000100dd0                . = ALIGN (0x4)
 *fill*         0x0000000000100dce        0x2 
                0x0000000000100dd0                _etext = .
                0x0000000000100dd0                _sidata = _etext

.rela.dyn       0x0000000000100dd0        0x0
 .rela.text     0x0000000000100dd0        0x0 start.o

.data           0x0000000000000000        0x0 load address 0x0000000000100dd0
                0x0000000000000000                . = ALIGN (0x4)
                0x0000000000000000                _sdata = .
                0x0000000000000000                _ram_start = .
                0x0000000000000000                . = ALIGN (0x4)
 *(.data)
 .data          0x0000000000000000        0x0 start.o
 .data          0x0000000000000000        0x0 firmware.o
 *(.data*)
 *(.sdata)
 *(.sdata*)
                0x0000000000000000                . = ALIGN (0x4)
                0x0000000000000000                _edata = .

.bss            0x0000000000000000        0x0 load address 0x0000000000100dd0
                0x0000000000000000                . = ALIGN (0x4)
                0x0000000000000000                _sbss = .
 *(.bss)
 .bss           0x0000000000000000        0x0 start.o
 .bss           0x0000000000000000        0x0 firmware.o
 *(.bss*)
 *(.sbss)
 *(.sbss*)
 *(COMMON)
                0x0000000000000000                . = ALIGN (0x4)
                0x0000000000000000                _ebss = .

.heap           0x0000000000000000        0x0
                0x0000000000000000                . = ALIGN (0x4)
                0x0000000000000000                _heap_start = .
LOAD start.o
LOAD firmware.o
LOAD /opt/riscv/lib/gcc/riscv32-unknown-elf/12.1.0/libgcc.a
OUTPUT(firmware.elf elf32-littleriscv)

.riscv.attributes
                0x0000000000000000       0x21
 .riscv.attributes
                0x0000000000000000       0x1f start.o
 .riscv.attributes
                0x000000000000001f       0x21 firmware.o

.comment        0x0000000000000000       0x1b
 .comment       0x0000000000000000       0x1b firmware.o
                                         0x1c (size before relaxing)
