
Discarded input sections

 .riscv.attributes
                0x0000000000000000       0x1f startup.o
 .comment       0x0000000000000000       0x1c hello.o
 .riscv.attributes
                0x0000000000000000       0x21 hello.o

Memory Configuration

Name             Origin             Length             Attributes
ROM              0x0000000000000000 0x0000000000001000 xr
RAM              0x0000000020000000 0x0000000000001000 xrw
*default*        0x0000000000000000 0xffffffffffffffff

Linker script and memory map

                0x0000000000000800                _stacksz = 0x800

.stack          0x0000000020000000      0x800
                0x0000000020000000                . = ALIGN (0x8)
                0x0000000020000000                _sstack = .
                0x0000000020000800                . = (. + _stacksz)
 *fill*         0x0000000020000000      0x800 
                0x0000000020000800                . = ALIGN (0x8)
                0x0000000020000800                _estack = .
                0x0000000020000800                _stack_top = .

.text           0x0000000000000000       0x74
                0x0000000000000000                . = ALIGN (0x4)
                0x0000000000000000                _stext = .
 *(.vectors)
 .vectors       0x0000000000000000       0x5a startup.o
                0x0000000000000000                _reset
 *(.text .text.* .gnu.linkonce.t.*)
 .text          0x000000000000005a        0x0 startup.o
 .text          0x000000000000005a       0x12 hello.o
                0x000000000000005a                print_str
 .text.startup  0x000000000000006c        0x6 hello.o
                0x000000000000006c                main
                0x0000000000000074                . = ALIGN (0x4)
 *fill*         0x0000000000000072        0x2 
                0x0000000000000074                _etext = .

.rodata         0x0000000000000074       0x10
                0x0000000000000074                . = ALIGN (0x4)
                0x0000000000000074                _srodata = .
 *(.rodata .rodata.* .gnu.linkonce.r.*)
 .rodata.str1.4
                0x0000000000000074        0xd hello.o
                0x0000000000000084                . = ALIGN (0x4)
 *fill*         0x0000000000000081        0x3 
                0x0000000000000084                _erodata = .
                0x0000000000000084                _sidata = LOADADDR (.data)

.rela.dyn       0x0000000000000084        0x0
 .rela.vectors  0x0000000000000084        0x0 startup.o

.data           0x0000000020000800        0x0 load address 0x0000000000000084
                0x0000000020000800                . = ALIGN (0x4)
                0x0000000020000800                _sdata = .
 *(.sdata .sdata.*)
 *(.data .data.*)
 .data          0x0000000020000800        0x0 startup.o
 .data          0x0000000020000800        0x0 hello.o
                0x0000000020000800                . = ALIGN (0x4)
                0x0000000020000800                _edata = .

.bss            0x0000000020000800        0x0 load address 0x0000000000000084
                0x0000000020000800                . = ALIGN (0x4)
                0x0000000020000800                _sbss = .
 *(.sbss .sbss.*)
 *(.bss .bss.*)
 .bss           0x0000000020000800        0x0 startup.o
 .bss           0x0000000020000800        0x0 hello.o
 *(COMMON)
                0x0000000020000800                . = ALIGN (0x4)
                0x0000000020000800                _ebss = .

/DISCARD/
 *(.comment)
 *(.riscv.attributes)
 *(.debug_*)
LOAD startup.o
LOAD hello.o
LOAD /opt/riscv32i/lib/gcc/riscv32-unknown-elf/12.2.0/libgcc.a
OUTPUT(firmware.elf elf32-littleriscv)
