
Memory Configuration

Name             Origin             Length             Attributes
BOOTROM          0x0000000000100000 0x0000000000004000 xr
APPROM           0x0000000000104000 0x00000000003fc000 xr
RAM              0x0000000000000000 0x0000000000020000 xrw
*default*        0x0000000000000000 0xffffffffffffffff

Linker script and memory map

                0x0000000000100000                __bootrom_start__ = ORIGIN (BOOTROM)
                0x0000000000004000                __bootrom_size__ = LENGTH (BOOTROM)
                0x0000000000104000                __approm_start__ = ORIGIN (APPROM)
                0x00000000003fc000                __approm_size__ = LENGTH (APPROM)

.text           0x0000000000100000      0x184
                0x0000000000100000                . = ALIGN (0x4)
 *(.text)
 .text          0x0000000000100000        0x0 boot.o
 .text          0x0000000000100000      0x102 start.o
                0x0000000000100080                flashio_worker_begin
                0x0000000000100100                flashio_worker_end
 *(.text*)
 .text.startup  0x0000000000100102       0x80 boot.o
                0x0000000000100102                main
 *(.rodata)
 *(.rodata*)
 *(.srodata)
 *(.srodata*)
                0x0000000000100184                . = ALIGN (0x4)
 *fill*         0x0000000000100182        0x2 
                0x0000000000100184                _etext = .
                0x0000000000100184                _sidata = _etext

.rela.dyn       0x0000000000100184        0x0
 .rela.text.startup
                0x0000000000100184        0x0 boot.o
 .rela.text     0x0000000000100184        0x0 boot.o

.data           0x0000000000000000        0x0 load address 0x0000000000100184
                0x0000000000000000                . = ALIGN (0x4)
                0x0000000000000000                _sdata = .
                0x0000000000000000                _ram_start = .
                0x0000000000000000                . = ALIGN (0x4)
 *(.data)
 .data          0x0000000000000000        0x0 boot.o
 .data          0x0000000000000000        0x0 start.o
 *(.data*)
 *(.sdata)
 *(.sdata*)
                0x0000000000000000                . = ALIGN (0x4)
                0x0000000000000000                _edata = .

.bss            0x0000000000000000        0x0 load address 0x0000000000100184
                0x0000000000000000                . = ALIGN (0x4)
                0x0000000000000000                _sbss = .
 *(.bss)
 .bss           0x0000000000000000        0x0 boot.o
 .bss           0x0000000000000000        0x0 start.o
 *(.bss*)
 *(.sbss)
 *(.sbss*)
 *(COMMON)
                0x0000000000000000                . = ALIGN (0x4)
                0x0000000000000000                _ebss = .
LOAD boot.o
LOAD start.o
LOAD /opt/riscv32i/lib/gcc/riscv32-unknown-elf/12.2.0/libgcc.a
OUTPUT(boot.elf elf32-littleriscv)

.comment        0x0000000000000000       0x1b
 .comment       0x0000000000000000       0x1b boot.o
                                         0x1c (size before relaxing)

.riscv.attributes
                0x0000000000000000       0x21
 .riscv.attributes
                0x0000000000000000       0x21 boot.o
 .riscv.attributes
                0x0000000000000021       0x1f start.o
